SHUT THE BOX

1 2 3 4 5 6 7 8 9 
YOU ROLL 6 2: 8
MOVES:
  8
  3 5
  2 6
  1 7
  1 3 4
  1 2 5
TILES TO SHUT ?

1 2 3 4 5 6 7 . 9 
YOU ROLL 1 6: 7
MOVES:
  7
  3 4
  2 5
  1 6
  1 2 4
TILES TO SHUT ?
TILES TO SHUT ?

1 2 3 4 5 6 . . 9 
YOU ROLL 4 3: 7
MOVES:
  3 4
  2 5
  1 6
  1 2 4
TILES TO SHUT ?

1 2 . . 5 6 . . 9 
YOU ROLL 4 4: 8
MOVES:
  2 6
  1 2 5
TILES TO SHUT ?

1 . . . 5 . . . 9 
YOU ROLL 1 5: 6
MOVES:
  1 5
TILES TO SHUT ?

. . . . . . . . 9 
YOU ROLL 4 5: 9
MOVES:
  9
TILES TO SHUT ?
YOU SHUT THE BOX!
