2048: A LEFT, D RIGHT, W UP, S DOWN

SCORE 0
2 4 0 0
0 0 0 0
0 0 0 0
0 0 0 0
MOVE (A D W S, Q TO STOP) ?
NOTHING MOVES THAT WAY.

SCORE 0
2 4 0 0
0 0 0 0
0 0 0 0
0 0 0 0
MOVE (A D W S, Q TO STOP) ?
NOTHING MOVES THAT WAY.

SCORE 0
2 4 0 0
0 0 0 0
0 0 0 0
0 0 0 0
MOVE (A D W S, Q TO STOP) ?

SCORE 0
0 0 2 4
0 0 0 2
0 0 0 0
0 0 0 0
MOVE (A D W S, Q TO STOP) ?
MOVE (A D W S, Q TO STOP) ?

SCORE 0
0 0 0 0
2 0 0 0
0 0 0 4
0 0 2 2
MOVE (A D W S, Q TO STOP) ?

SCORE 4
0 0 0 0
2 0 0 0
4 0 0 0
4 0 2 0
MOVE (A D W S, Q TO STOP) ?

SCORE 12
2 0 2 0
8 0 0 0
0 0 2 0
0 0 0 0
MOVE (A D W S, Q TO STOP) ?

SCORE 16
0 0 0 4
0 0 0 8
0 0 0 2
0 0 2 0
MOVE (A D W S, Q TO STOP) ?

SCORE 16
0 0 0 0
4 0 0 4
0 0 0 8
0 0 2 2
MOVE (A D W S, Q TO STOP) ?
STOPPED WITH SCORE 16
