157 157 157 157
38 39 40 41 42 43 44
STORAGE
CARGO CONTAINERS ARE STRAPPED TO
THE DECK.
A TOOLKIT LIES BY A MAINTENANCE CRATE.
AN ENGINE COUPLER RESTS ON A SHELF.
SOMETHING FURRY SQUEAKS - A TRIBBLE.
EXITS: 3=CORRIDOR 8=SHUTTLE
38 39 40 43 44
STORAGE
CARGO CONTAINERS ARE STRAPPED TO
THE DECK.
SOMETHING FURRY SQUEAKS - A TRIBBLE.
EXITS: 3=CORRIDOR 8=SHUTTLE
0 1 0 0 0 0 0 0 0
1 0 1 0 0 1 0 0 0
0 1 0 1 1 0 1 0 1
0 0 1 0 0 0 0 0 0
0 0 1 0 0 0 0 1 0
0 1 0 0 0 0 0 0 0
0 0 1 0 0 0 0 0 0
0 0 0 0 1 0 0 0 0
0 0 1 0 0 0 0 0 0
2 4 5 7 9
5 30 0 0 0 0 0 0 0 0 0 0
6 30 0 0 0 0 0 0 0 0 0 0
1 30 0 0 0 0 0 0 0 0 0  0
2 29 0 0 0 0 0 0 0 0 0  0
3 28 0 0 0 0 0 0 0 0 0  0
5 27 0 0 0 0 0 0 0 0 0  0
5 26 0 0 1 0 0 0 0 0 0 25
5 25 0 0 1 1 0 0 0 0 0 26
5 24 0 0 1 1 1 0 0 0 0 27
3 23 0 0 1 1 1 0 0 0 0  0
2 22 0 0 1 1 1 0 0 0 0  0
6 21 0 0 1 1 1 0 1 0 0  0
6 20 0 0 1 1 1 1 1 0 0 34
6 19 0 0 1 1 1 1 1 1 0 38
1

THE DECK STEADIES BENEATH YOUR FEET.
ON THE VIEWSCREEN, THE PLANET SLOWLY
RECEDES.
COMPUTER: ORBIT STABLE.
COMPUTER: EMERGENCY CONDITION ENDED.

*** YOU SAVED THE ENTERPRISE. ***
2
YOU HURL THE TRIBBLE.
THE KLINGONS FREEZE. ONE SHOUTS:
'GET IT AWAY FROM ME!'
IN THE CONFUSION, THEY RETREAT.
0
3
YOU ARE CARRYING:
  NOTHING
