0 0 0 0 0 0 0 1 0
0 0 0 0 0 0 0 0 1
0 0 0 0 0 0 0 0 0
0 0 0 1 0 0 0 0 0
0 0 0 0 0 0 0 0 0
0 0 0 0 1 0 0 0 0
1 0 0 0 0 1 0 0 1
0 0 0 0 0 0 0 1 0
1 0 0 1 0 0 0 0 0
3 3 11 11
0 0 0 0 0 0 1 1 2
0 0 0 0 0 0 1 2 1
0 0 1 1 1 0 0 1 1
0 0 1 0 1 0 0 0 0
0 0 1 2 2 1 0 0 0
1 1 0 1 1 2 1 1 1
0 1 0 1 2 1 2 2 1
2 2 1 1 2 1 2 1 2
0 1 1 0 1 0 1 1 1
1
6
12
20
29
32
35
41
48
55
1 1 1 1 1 1 1 0 0
1 1 1 1 1 1 1 1 0
1 1 1 1 1 1 1 1 1
1 1 1 0 1 1 1 1 1
1 1 1 1 1 1 1 1 1
1 1 1 1 0 1 1 1 1
0 1 1 1 0 0 0 0 0
0 1 1 1 0 0 0 0 0
0 0 0 0 0 0 0 0 0
  1 2 3 4 5 6 7 8 9 
1 . . . . . . 1 # 2 
2 . . . . . . 1 2 # 
3 . . 1 1 1 . . 1 1 
4 . . 1 # 1 . . . . 
5 . . 1 2 2 1 . . . 
6 1 1 . 1 # 2 1 1 1 
7 # 1 . 1 2 # 2 2 # 
8 2 2 1 1 2 1 2 # 2 
9 # 1 1 # 1 . 1 1 1 
1
