MINESWEEPER: 9 BY 9, 10 MINES

  1 2 3 4 5 6 7 8 9 
1 # # # # # # # # # 
2 # # # # # # # # # 
3 # # # # # # # # # 
4 # # # # # # # # # 
5 # # # # # # # # # 
6 # # # # # # # # # 
7 # # # # # # # # # 
8 # # # # # # # # # 
9 # # # # # # # # # 
OPEN ROW COL, OR F ROW COL ?

  1 2 3 4 5 6 7 8 9 
1 # # # # # # # # # 
2 # # # # # # # # # 
3 # # # # # # # # # 
4 # # # # # # # # # 
5 # # # # 2 # # # # 
6 # # # # # # # # # 
7 # # # # # # # # # 
8 # # # # # # # # # 
9 # # # # # # # # # 
OPEN ROW COL, OR F ROW COL ?
OPEN ROW COL, OR F ROW COL ?

  1 2 3 4 5 6 7 8 9 
1 . . . . . . 1 # # 
2 . . . . . . 1 2 # 
3 . . 1 1 1 . . 1 1 
4 . . 1 # 1 . . . . 
5 . . 1 2 2 1 . . . 
6 1 1 . 1 # 2 1 1 1 
7 # 1 . 1 # # # # # 
8 # 2 1 1 # # # # # 
9 # # # # # # # # # 
OPEN ROW COL, OR F ROW COL ?

  1 2 3 4 5 6 7 8 9 
1 . . . . . . 1 # # 
2 . . . . . . 1 2 # 
3 . . 1 1 1 . . 1 1 
4 . . 1 F 1 . . . . 
5 . . 1 2 2 1 . . . 
6 1 1 . 1 # 2 1 1 1 
7 # 1 . 1 # # # # # 
8 # 2 1 1 # # # # # 
9 # # # # # # # # # 
OPEN ROW COL, OR F ROW COL ?

  1 2 3 4 5 6 7 8 9 
1 . . . . . . 1 # # 
2 . . . . . . 1 2 # 
3 . . 1 1 1 . . 1 1 
4 . . 1 F 1 . . . . 
5 . . 1 2 2 1 . . . 
6 1 1 . 1 # 2 1 1 1 
7 # 1 . 1 # # # # # 
8 # 2 1 1 # # # # # 
9 # # # # # # # # 1 
OPEN ROW COL, OR F ROW COL ?

  1 2 3 4 5 6 7 8 9 
1 . . . . . . 1 * # 
2 . . . . . . 1 2 * 
3 . . 1 1 1 . . 1 1 
4 . . 1 * 1 . . . . 
5 . . 1 2 2 1 . . . 
6 1 1 . 1 * 2 1 1 1 
7 * 1 . 1 # * # # * 
8 # 2 1 1 # # # * # 
9 * # # * # # # # 1 
BOOM! YOU HIT A MINE.
