
*** ROBOT CHASE ***
EVADE THE ROBOTS - MAKE THEM COLLIDE.

TURN 0   ROBOTS 12   TELE 3
   0 1 2 3 4 5 6 7 8 9 A B C D E F 
 0 . . . . . . . R . . . . . . . . 
 1 . . . . . . . . . . . . . . . . 
 2 . . . . . . . . . . . . . . . . 
 3 . . . . . . . . . . . R . . . . 
 4 . . . . . . . . . . . . . . . . 
 5 . . . . R . . . . . . . . . . . 
 6 . . . . . . . . . . . . . . . . 
 7 . . . . . . . . . . . . . . . R 
 8 . . . . . . . . . R . . . . . . 
 9 . . . . . . . . . R . . . . . . 
 A . . . . . . . . . . . R R . . . 
 B . R . . . . . . . . . . . . . . 
 C . . . . R . . . . . . . . . . . 
 D . . . . . . . . . . . . . . . . 
 E . . . . . . . . . . . . R . R . 
 F . . . . . . . P . . . . . . . . 

1-9=MOVE(5=WAIT) 0=TELE 10=LRS 99=QUIT
COMMAND ?

TURN 1   ROBOTS 12   TELE 3
   0 1 2 3 4 5 6 7 8 9 A B C D E F 
 0 . . . . . . . . . . . . . . . . 
 1 . . . . . . . R . . . . . . . . 
 2 . . . . . . . . . . . . . . . . 
 3 . . . . . . . . . . . . . . . . 
 4 . . . . . . . . . . R . . . . . 
 5 . . . . . . . . . . . . . . . . 
 6 . . . . . R . . . . . . . . . . 
 7 . . . . . . . . . . . . . . . . 
 8 . . . . . . . . . . . . . . R . 
 9 . . . . . . . . R . . . . . . . 
 A . . . . . . . . R . . . . . . . 
 B . . . . . . . . . . R R . . . . 
 C . . R . . . . . . . . . . . . . 
 D . . . . . R . . . . . . . . . . 
 E . . . . . . . . . . . . . . . . 
 F . . . . . . . P . . . R . R . . 

1-9=MOVE(5=WAIT) 0=TELE 10=LRS 99=QUIT
COMMAND ?

TURN 2   ROBOTS 12   TELE 3
   0 1 2 3 4 5 6 7 8 9 A B C D E F 
 0 . . . . . . . . . . . . . . . . 
 1 . . . . . . . . . . . . . . . . 
 2 . . . . . . . . R . . . . . . . 
 3 . . . . . . . . . . . . . . . . 
 4 . . . . . . . . . . . . . . . . 
 5 . . . . . . . . . R . . . . . . 
 6 . . . . . . . . . . . . . . . . 
 7 . . . . . . R . . . . . . . . . 
 8 . . . . . . . . . . . . . . . . 
 9 . . . . . . . . . . . . . R . . 
 A . . . . . . . . R . . . . . . . 
 B . . . . . . . . R . . . . . . . 
 C . . . . . . . . . R R . . . . . 
 D . . . R . . . . . . . . . . . . 
 E . . . . . . R . P . R . R . . . 
 F . . . . . . . . . . . . . . . . 

1-9=MOVE(5=WAIT) 0=TELE 10=LRS 99=QUIT
COMMAND ?

1-9=MOVE(5=WAIT) 0=TELE 10=LRS 99=QUIT
COMMAND ?

LRS: ROBOTS, WRECKS, YOU IN EACH 4X4 REGION
0 0 1 0 0 0 0 0 0 0 0 0
0 1 1 0 0 0 0 0 0 0 0 0
0 0 2 1 0 0 0 0 0 0 0 0
1 1 3 1 0 0 0 0 0 0 1 0

TURN 2   ROBOTS 12   TELE 3
   0 1 2 3 4 5 6 7 8 9 A B C D E F 
 0 . . . . . . . . . . . . . . . . 
 1 . . . . . . . . . . . . . . . . 
 2 . . . . . . . . R . . . . . . . 
 3 . . . . . . . . . . . . . . . . 
 4 . . . . . . . . . . . . . . . . 
 5 . . . . . . . . . R . . . . . . 
 6 . . . . . . . . . . . . . . . . 
 7 . . . . . . R . . . . . . . . . 
 8 . . . . . . . . . . . . . . . . 
 9 . . . . . . . . . . . . . R . . 
 A . . . . . . . . R . . . . . . . 
 B . . . . . . . . R . . . . . . . 
 C . . . . . . . . . R R . . . . . 
 D . . . R . . . . . . . . . . . . 
 E . . . . . . R . P . R . R . . . 
 F . . . . . . . . . . . . . . . . 

1-9=MOVE(5=WAIT) 0=TELE 10=LRS 99=QUIT
COMMAND ?
*BEEP* TELEPORTED.

TURN 3   ROBOTS 12   TELE 2
   0 1 2 3 4 5 6 7 8 9 A B C D E F 
 0 . . . . . . . . . . . . . . . . 
 1 . . . . . . . . . . . . . . . . 
 2 . . . . . . . . . . . . . . . . 
 3 . . . . . . . R . . . . . . . . 
 4 . . . . . . . . . . . . . . . . 
 5 . . . P . . . . R . . . . . . . 
 6 . . . . . R . . . . . . . . . . 
 7 . . . . . . . . . . . . . . . . 
 8 . . . . . . . . . . . . R . . . 
 9 . . . . . . . R . . . . . . . . 
 A . . . . . . . R . . . . . . . . 
 B . . . . . . . . R R . . . . . . 
 C . . . R . . . . . . . . . . . . 
 D . . . . . R . . . R . R . . . . 
 E . . . . . . . . . . . . . . . . 
 F . . . . . . . . . . . . . . . . 

1-9=MOVE(5=WAIT) 0=TELE 10=LRS 99=QUIT
COMMAND ?

TURN 4   ROBOTS 12   TELE 2
   0 1 2 3 4 5 6 7 8 9 A B C D E F 
 0 . . . . . . . . . . . . . . . . 
 1 . . . . . . . . . . . . . . . . 
 2 . . . . . . . . . . . . . . . . 
 3 . . . . . . . . . . . . . . . . 
 4 . . P . . . R R . . . . . . . . 
 5 . . . . R . . . . . . . . . . . 
 6 . . . . . . . . . . . . . . . . 
 7 . . . . . . . . . . . R . . . . 
 8 . . . . . . R . . . . . . . . . 
 9 . . . . . . R . . . . . . . . . 
 A . . . . . . . R R . . . . . . . 
 B . . R . . . . . . . . . . . . . 
 C . . . . R . . . R . R . . . . . 
 D . . . . . . . . . . . . . . . . 
 E . . . . . . . . . . . . . . . . 
 F . . . . . . . . . . . . . . . . 

1-9=MOVE(5=WAIT) 0=TELE 10=LRS 99=QUIT
COMMAND ?
*** COMMAND RESIGNED ***
GAME OVER
