   0 1 2 3 4 5 6 7 8 9 A B C D E F 
 0 . . . . . . . R . . . . . . . . 
 1 . . . . . . . . . . . . . . . . 
 2 . . . . . . . . . . . . . . . . 
 3 . . . . . . . . . . . R . . . . 
 4 . . . . . . . . . . . . . . . . 
 5 . . . . R . . . . . . . . . . . 
 6 . . . . . . . . . . . . . . . . 
 7 . . . . . . . . . . . . . . . R 
 8 . . . . . . . . . R . . . . . . 
 9 . . . . . . . . . R . . . . . . 
 A . . . . . . . . . . . R R . . . 
 B . R . . . . . . . . . . . . . . 
 C . . . . R . . . . . . . . . . . 
 D . . . . . . . . . . . . . . . . 
 E . . . . . . . . . . . . R . R . 
 F . . . . . . . P . . . . . . . . 
10 9 10 5 11 12  3 8 14 14  7 0
12 9 11 4  1  4 11 9 14 12 15 7
 5  6  5 10 4 3 12  7  1  1  8 15
-5 -2 -4  3 6 3 -4 -2 -7 -5 -8  0
 1  1  1 1 1 1  1  1  1  1  1 1
-1 -1 -1 1 1 1 -1 -1 -1 -1 -1 0
   0 1 2 3 4 5 6 7 8 9 A B C D E F 
 0 . . . . . . . . . . . . . . . . 
 1 . . . . . . . . . . . . . . . . 
 2 . . . . . . . . . . . . . . . . 
 3 . . . . . . . . . . . . . . . . 
 4 . . . . . . . . . . . . . . . . 
 5 . . . . . . . . . . . . . . . . 
 6 . . . . . . . . . . . . . . . . 
 7 . . . . . . R . . . . . . . . . 
 8 . . . . . R . . P . . . . . . . 
 9 . . . . . . R . . . . . . . . . 
 A . . . . . . . . . . . . . . . . 
 B . . . . . . . . . . . . . . . . 
 C . . . . . . . . . . . . . . . . 
 D . . . . . . . . . . . . . . . . 
 E . . . . . . . . . . . . . . . . 
 F . . . . . . . . . . . . . . . . 
   0 1 2 3 4 5 6 7 8 9 A B C D E F 
 0 . . . . . . . . . . . . . . . . 
 1 . . . . . . . . . . . . . . . . 
 2 . . . . . . . . . . . . . . . . 
 3 . . . . . . . . . . . . . . . . 
 4 . . . . . . . . . . . . . . . . 
 5 . . . . . . . . . . . . . . . . 
 6 . . . . . . . . . . . . . . . . 
 7 . . . . . . . . . . . . . . . . 
 8 . . . . . . R * P . . . . . . . 
 9 . . . . . . . . . . . . . . . . 
 A . . . . . . . . . . . . . . . . 
 B . . . . . . . . . . . . . . . . 
 C . . . . . . . . . . . . . . . . 
 D . . . . . . . . . . . . . . . . 
 E . . . . . . . . . . . . . . . . 
 F . . . . . . . . . . . . . . . . 
0 0 1 0 0 0 0 0 0 0 0 0
   0 1 2 3 4 5 6 7 8 9 A B C D E F 
 0 . . . . . . . . . . . . . . . . 
 1 . . . . . . . . . . . . . . . . 
 2 . . . . . . . . . . . . . . . . 
 3 . . . . . . . . . . . . . . . . 
 4 . . . . . . . . . . . . . . . . 
 5 . . . . . . . . . . . . . . . . 
 6 . . . . . . . . . . . . . . . . 
 7 . . . . . . . . . . . . . . . . 
 8 . . . . . . . * P . . . . . . . 
 9 . . . . . . . . . . . . . . . . 
 A . . . . . . . . . . . . . . . . 
 B . . . . . . . . . . . . . . . . 
 C . . . . . . . . . . . . . . . . 
 D . . . . . . . . . . . . . . . . 
 E . . . . . . . . . . . . . . . . 
 F . . . . . . . . . . . . . . . . 
0 0 0 0 0 0 0 0 0 0 0 0
1
YOU STEPPED ONTO WRECKAGE.
2
0 1 1 0 0 0 0 0 0 0 0 0
0 1 0 1 0 0 0 0 0 0 0 0
1 0 3 1 0 0 0 0 0 0 0 0
0 1 0 2 0 0 0 0 0 1 0 0
