┌→────────────────────────────────────────────────────┐
│ ┌→─────┐ ┌→─────┐ ┌→─────┐ ┌→─────┐ ┌→────┐ ┌→────┐ │
│ │Winter│ │Spring│ │Summer│ │Autumn│ │North│ │South│ │
│ └──────┘ └──────┘ └──────┘ └──────┘ └─────┘ └─────┘ │
└∊────────────────────────────────────────────────────┘
307 69 59 79 73 37 20
25871 10671
┌→───────────────────────────────────────┐
│ ┌→──────┐ ┌→──────┐ ┌→──────┐ ┌→─────┐ │
│ │Toliman│ │Elgafar│ │Algorab│ │Sirius│ │
│ └───────┘ └───────┘ └───────┘ └──────┘ │
└∊───────────────────────────────────────┘
┌→─────────────────────────────────────────────────┐
│ ┌→─────┐ ┌→──────┐ ┌→──────┐ ┌→────┐ ┌→────────┐ │
│ │Pollux│ │Alnitak│ │Gomeisa│ │Tabit│ │Saclateni│ │
│ └──────┘ └───────┘ └───────┘ └─────┘ └─────────┘ │
└∊─────────────────────────────────────────────────┘
Which star is this?
Right: Pollux, in Gem.
1
