3 2 1 3 1
3 2 1 3 1
LUCKY  |###           :               
THUNDER|##            :               
SHADOW |#             :               
COMET  |###           :               
BLAZE  |#             :               
3 1 1 1 2
LUCKY  |###           :               
THUNDER|#             :               
SHADOW |#             :               
COMET  |#             :               
BLAZE  |##            :               
1 2 3 2 2
LUCKY  |####          :               
THUNDER|###           :               
SHADOW |####          :               
COMET  |###           :               
BLAZE  |####          :               
3 1 3 3 1
LUCKY  |#######       :               
THUNDER|####          :               
SHADOW |#######       :               
COMET  |######        :               
BLAZE  |#####         :               
2 1 1 3 1
LUCKY  |#########     :               
THUNDER|#####         :               
SHADOW |########      :               
COMET  |#########     :               
BLAZE  |######        :               
2 2 3 2 3
LUCKY  |###########   :               
THUNDER|#######       :               
SHADOW |###########   :               
COMET  |###########   :               
BLAZE  |#########     :               
2 1 2 3 1
LUCKY  |############# :               
THUNDER|########      :               
SHADOW |############# :               
COMET  |##############:               
BLAZE  |##########    :               
3 3 1 3 2
LUCKY  |################              
THUNDER|###########   :               
SHADOW |##############:               
COMET  |#################    <- WINNER
BLAZE  |############  :               
16 11 14 17 12
COMET  
