you have 10 coins; your horse (1 to 5, q to stop):
THE RACE IS ON! you are on COMET  
LUCKY  |###           :               
THUNDER|##            :               
SHADOW |#             :               
COMET  |###           :               
BLAZE  |#             :               

LUCKY  |######        :               
THUNDER|###           :               
SHADOW |##            :               
COMET  |####          :               
BLAZE  |###           :               

LUCKY  |#######       :               
THUNDER|#####         :               
SHADOW |#####         :               
COMET  |######        :               
BLAZE  |#####         :               

LUCKY  |##########    :               
THUNDER|######        :               
SHADOW |########      :               
COMET  |#########     :               
BLAZE  |######        :               

LUCKY  |############  :               
THUNDER|#######       :               
SHADOW |#########     :               
COMET  |############  :               
BLAZE  |#######       :               

LUCKY  |##############:               
THUNDER|#########     :               
SHADOW |############  :               
COMET  |##############:               
BLAZE  |##########    :               

LUCKY  |################              
THUNDER|##########    :               
SHADOW |##############:               
COMET  |#################    <- WINNER
BLAZE  |###########   :               

WINNER: COMET  
you win 4 coins
you have 13 coins; your horse (1 to 5, q to stop):
you have 13 coins; your horse (1 to 5, q to stop):
THE RACE IS ON! you are on THUNDER
LUCKY  |###           :               
THUNDER|###           :               
SHADOW |#             :               
COMET  |###           :               
BLAZE  |##            :               

LUCKY  |######        :               
THUNDER|####          :               
SHADOW |###           :               
COMET  |######        :               
BLAZE  |####          :               

LUCKY  |########      :               
THUNDER|#####         :               
SHADOW |######        :               
COMET  |#########     :               
BLAZE  |#######       :               

LUCKY  |#########     :               
THUNDER|########      :               
SHADOW |########      :               
COMET  |##########    :               
BLAZE  |##########    :               

LUCKY  |###########   :               
THUNDER|#########     :               
SHADOW |###########   :               
COMET  |############  :               
BLAZE  |############# :               

LUCKY  |############  :               
THUNDER|############  :               
SHADOW |##############:               
COMET  |###############      <- WINNER
BLAZE  |##############:               

WINNER: COMET  
you lose a coin
you have 12 coins; your horse (1 to 5, q to stop):
you leave with 12
