
*** STAR TREK ***
DEFEND THE FEDERATION.

STARDATE 2300 - YOU HAVE 30 DAYS TO DESTROY 18 KLINGONS.

1=SRS 2=LRS 3=WAR 4=IMP 5=PHA 6=TOR 7=SHE 8=STA 9=HEL 0=QUI
COMMAND ?

1 SRS  SHORT RANGE SCAN
2 LRS  LONG RANGE SCAN
3 WAR  WARP DRIVE
4 IMP  IMPULSE DRIVE
5 PHA  PHASERS
6 TOR  TORPEDOES
7 SHE  SHIELD CONTROL
8 STA  STATUS
9 HEL  THIS HELP
0 QUI  RESIGN

COURSE COMPASS (FOR WARP/IMPULSE/TORPEDO):
  8 1 2     1=N  2=NE  3=E  4=SE
  7 + 3     5=S  6=SW  7=W  8=NW
  6 5 4
COORDS: ROWS A-H DOWN, COLS 1-8 ACROSS (E.G. C-5)

1=SRS 2=LRS 3=WAR 4=IMP 5=PHA 6=TOR 7=SHE 8=STA 9=HEL 0=QUI
COMMAND ?
ENERGY TO SHIELDS (NEG=DRAIN) ?

1=SRS 2=LRS 3=WAR 4=IMP 5=PHA 6=TOR 7=SHE 8=STA 9=HEL 0=QUI
COMMAND ?

LONG RANGE SCAN AT QUADRANT D-2
LEGEND: K B S   K=KLINGONS B=BASES S=STARS   ***=VOID
 *** 002 202 005 003
 *** 105 313 004 004
 *** 004 005 204 005
 *** 004 005 102 011
 *** 012 004 005 005

1=SRS 2=LRS 3=WAR 4=IMP 5=PHA 6=TOR 7=SHE 8=STA 9=HEL 0=QUI
COMMAND ?
COURSE 1-8 ?
WARP FACTOR 1-8 ?

*** RED ALERT *** RED ALERT *** RED ALERT ***
*** 2 KLINGON(S) IN QUADRANT D-3 ***
*** RED ALERT *** RED ALERT *** RED ALERT ***

QUADRANT D-3 SECTOR A-2
   1 2 3 4 5 6 7 8
A . E . . . * . . 
B . * . K . . . . 
C . . . . . . . . 
D . . . . . . . . 
E . . . . . . . . 
F . . . * . . . * 
G . . . . . . . K 
H . . . . . . . . 
STARDATE 2301 ENERGY 2492 SHIELDS 500 TORP 10
QUADRANT D-3 KLINGONS LEFT 18

1=SRS 2=LRS 3=WAR 4=IMP 5=PHA 6=TOR 7=SHE 8=STA 9=HEL 0=QUI
COMMAND ?
COURSE 1-8 ?
SECTORS 1-8 ?
OBSTRUCTED - HALTED AT SECTOR A-5

QUADRANT D-3 SECTOR A-5
   1 2 3 4 5 6 7 8
A . . . . E * . . 
B . * . K . . . . 
C . . . . . . . . 
D . . . . . . . . 
E . . . . . . . . 
F . . . * . . . * 
G . . . . . . . K 
H . . . . . . . . 
STARDATE 2301 ENERGY 2487 SHIELDS 500 TORP 10
QUADRANT D-3 KLINGONS LEFT 18

1=SRS 2=LRS 3=WAR 4=IMP 5=PHA 6=TOR 7=SHE 8=STA 9=HEL 0=QUI
COMMAND ?
TORPEDO COURSE 1-8 ?
TORPEDO TRACK:
  B-5
  C-5
  D-5
  E-5
  F-5
  G-5
  H-5
TORPEDO MISSED - LEFT QUADRANT
HIT - SHIELDS 442 ENERGY 2487

1=SRS 2=LRS 3=WAR 4=IMP 5=PHA 6=TOR 7=SHE 8=STA 9=HEL 0=QUI
COMMAND ?
TORPEDO COURSE 1-8 ?
TORPEDO TRACK:
  B-4
*** KLINGON DESTROYED AT B-4 ***
HIT - SHIELDS 387 ENERGY 2487

1=SRS 2=LRS 3=WAR 4=IMP 5=PHA 6=TOR 7=SHE 8=STA 9=HEL 0=QUI
COMMAND ?
ENERGY TO FIRE ?
KLINGON AT G-8 DESTROYED

1=SRS 2=LRS 3=WAR 4=IMP 5=PHA 6=TOR 7=SHE 8=STA 9=HEL 0=QUI
COMMAND ?
NO KLINGONS HERE

1=SRS 2=LRS 3=WAR 4=IMP 5=PHA 6=TOR 7=SHE 8=STA 9=HEL 0=QUI
COMMAND ?
?WHAT

1=SRS 2=LRS 3=WAR 4=IMP 5=PHA 6=TOR 7=SHE 8=STA 9=HEL 0=QUI
COMMAND ?

STARDATE 2301 / 2330
ENERGY   2477
SHIELDS  387
TORP     8
KLINGONS 16
QUADRANT D-3
SECTOR   A-5

1=SRS 2=LRS 3=WAR 4=IMP 5=PHA 6=TOR 7=SHE 8=STA 9=HEL 0=QUI
COMMAND ?

*** COMMAND RESIGNED ***
KLINGONS REMAINING 16
