SUDOKU: EVERY ROW, COLUMN AND BOX HOLDS 1 TO 9
PUZZLE 1 TO 4 ?

5 3 . | . 7 . | . . .
6 . . | 1 9 5 | . . .
. 9 8 | . . . | . 6 .
------+-------+------
8 . . | . 6 . | . . 3
4 . . | 8 . 3 | . . 1
7 . . | . 2 . | . . 6
------+-------+------
. 6 . | . . . | 2 8 .
. . . | 4 1 9 | . . 5
. . . | . 8 . | . 7 9
ROW COL DIGIT, H, C ROW COL, S OR Q ?

5 3 4 | . 7 . | . . .
6 . . | 1 9 5 | . . .
. 9 8 | . . . | . 6 .
------+-------+------
8 . . | . 6 . | . . 3
4 . . | 8 . 3 | . . 1
7 . . | . 2 . | . . 6
------+-------+------
. 6 . | . . . | 2 8 .
. . . | 4 1 9 | . . 5
. . . | . 8 . | . 7 9
ROW COL DIGIT, H, C ROW COL, S OR Q ?
TRY ROW 1 COLUMN 6: 8
ROW COL DIGIT, H, C ROW COL, S OR Q ?
ROW 1 COLUMN 4: 2 6
ROW COL DIGIT, H, C ROW COL, S OR Q ?
THAT CELL IS GIVEN
ROW COL DIGIT, H, C ROW COL, S OR Q ?
5 IS ALREADY IN THAT ROW, COLUMN OR BOX
ROW COL DIGIT, H, C ROW COL, S OR Q ?
TYPE A ROW, A COLUMN AND A DIGIT, OR A LETTER
ROW COL DIGIT, H, C ROW COL, S OR Q ?
TYPE A ROW, A COLUMN AND A DIGIT, OR A LETTER
ROW COL DIGIT, H, C ROW COL, S OR Q ?

5 3 4 | 6 7 . | . . .
6 . . | 1 9 5 | . . .
. 9 8 | . . . | . 6 .
------+-------+------
8 . . | . 6 . | . . 3
4 . . | 8 . 3 | . . 1
7 . . | . 2 . | . . 6
------+-------+------
. 6 . | . . . | 2 8 .
. . . | 4 1 9 | . . 5
. . . | . 8 . | . 7 9
ROW COL DIGIT, H, C ROW COL, S OR Q ?
5 3 4 | 6 7 8 | 9 1 2
6 7 2 | 1 9 5 | 3 4 8
1 9 8 | 3 4 2 | 5 6 7
------+-------+------
8 5 9 | 7 6 1 | 4 2 3
4 2 6 | 8 5 3 | 7 9 1
7 1 3 | 9 2 4 | 8 5 6
------+-------+------
9 6 1 | 5 3 7 | 2 8 4
2 8 7 | 4 1 9 | 6 3 5
3 4 5 | 2 8 6 | 1 7 9
THE SOLUTION
