┌→──────────────────────────────────────────────┐
│ ┌→─────┐ ┌→───────┐ ┌→───┐ ┌→─────┐ ┌→──────┐ │
│ │Africa│ │Americas│ │Asia│ │Europe│ │Oceania│ │
│ └──────┘ └────────┘ └────┘ └──────┘ └───────┘ │
└∊──────────────────────────────────────────────┘
200 57 37 48 45 13
Paris, France
18233 4113
┌→───────────────────────────────────┐
│ ┌→────┐ ┌→──────┐ ┌→─────┐ ┌→────┐ │
│ │Rouen│ │Orleans│ │Amiens│ │Paris│ │
│ └─────┘ └───────┘ └──────┘ └─────┘ │
└∊───────────────────────────────────┘
13274 1426 11017 4407
┌→──────────────────────────────────────────────────────────────────────────────────────────────────┐
│ ┌→────────────────┐ ┌→──────────┐ ┌→─────────────────────┐ ┌→─────────────────┐ ┌→──────────────┐ │
│ │Brussels, Belgium│ │Rome, Italy│ │London, United Kingdom│ │Kobenhavn, Denmark│ │Sofia, Bulgaria│ │
│ └─────────────────┘ └───────────┘ └──────────────────────┘ └──────────────────┘ └───────────────┘ │
└∊──────────────────────────────────────────────────────────────────────────────────────────────────┘
Which city is this?
Right: Brussels, Belgium.
1
